buf.yaml modules[0] . -> proto/pb.yaml module: example.com/acme/config-below-root
the lint file's rulesets github.com/greatliontech/buf-rules -> rulesets: path github.com/greatliontech/buf-rules version v1.0.0 alias buf (discovered)
buf.yaml.lint.use STANDARD -> enable: buf:STANDARD
buf.yaml.breaking.use FILE -> enable: buf:FILE
buf.yaml.lint.ignore acme/vault/v1/legacy.proto -> ignore paths [acme/vault/v1/legacy.proto/**] kind lint
buf.gen.yaml plugins[0].remote buf.build/protocolbuffers/go:v1.35.2 -> ref: ghcr.io/greatliontech/pb-plugins/protocolbuffers/go:v1.35.2 (the catalog)
buf.gen.yaml plugins[0].out ../gen/go -> out: gen/go
buf.gen.yaml plugins[0].opt paths=source_relative -> opt: paths=source_relative
buf.gen.yaml plugins[1].remote buf.build/bufbuild/es:v2.2.3 -> ref: ghcr.io/greatliontech/pb-plugins/bufbuild/es:v2.2.3 (the catalog)
buf.gen.yaml plugins[1].out ../gen/es -> out: gen/es
buf.gen.yaml plugins[1].opt target=ts -> opt: target=ts
buf.gen.yaml inputs[0].paths[0] acme/vault -> files: acme/vault/**
proto/pb.yaml -> written
pb.work -> written
pb.lint.yaml -> written
pb.gen.yaml -> written
-- status: mapped
