buf.yaml modules[0] proto -> proto/pb.yaml module: example.com/acme/rule-options/proto
the lint file's rulesets github.com/greatliontech/buf-rules -> rulesets: path github.com/greatliontech/buf-rules version v1.0.0 alias buf (discovered)
buf.yaml.lint.use STANDARD -> enable: buf:STANDARD
buf.yaml.lint.rpc_allow_same_request_response true -> exclude: buf:RPC_REQUEST_RESPONSE_UNIQUE, enable: buf:RPC_REQUEST_RESPONSE_UNIQUE_ALLOW_SAME_EMPTY_REQUESTS_RESPONSES
buf.yaml.lint.rpc_allow_google_protobuf_empty_requests true -> exclude: buf:RPC_REQUEST_RESPONSE_UNIQUE, enable: buf:RPC_REQUEST_RESPONSE_UNIQUE_ALLOW_SAME_EMPTY_REQUESTS_RESPONSES
buf.yaml.lint.rpc_allow_google_protobuf_empty_responses true -> exclude: buf:RPC_REQUEST_RESPONSE_UNIQUE, enable: buf:RPC_REQUEST_RESPONSE_UNIQUE_ALLOW_SAME_EMPTY_REQUESTS_RESPONSES
buf.yaml.lint.rpc_allow_google_protobuf_empty_requests true -> exclude: buf:RPC_REQUEST_STANDARD_NAME, enable: buf:RPC_REQUEST_STANDARD_NAME_ALLOW_EMPTY
buf.yaml.lint.rpc_allow_google_protobuf_empty_responses true -> exclude: buf:RPC_RESPONSE_STANDARD_NAME, enable: buf:RPC_RESPONSE_STANDARD_NAME_ALLOW_EMPTY
buf.yaml.lint.enum_zero_value_suffix _NONE !! reshapes buf:ENUM_ZERO_VALUE_SUFFIX, which checks _UNSPECIFIED: a pb rule has no parameters — exclude buf:ENUM_ZERO_VALUE_SUFFIX and declare, in a workspace ruleset importing github.com/greatliontech/buf-rules as buf, a rule over enum-value with cel buf.enumZeroValueSuffix(enumValue, '_NONE')
buf.yaml.lint.service_suffix Svc !! reshapes buf:SERVICE_SUFFIX, which checks Service: a pb rule has no parameters — exclude buf:SERVICE_SUFFIX and declare, in a workspace ruleset importing github.com/greatliontech/buf-rules as buf, a rule over service with cel buf.serviceSuffix(service, 'Svc')
buf.yaml.breaking.use FILE -> enable: buf:FILE
buf.yaml.breaking.ignore_unstable_packages true -> every breaking name enabled, excluded or ignored read as its _STABLE variant, which skips a package with an unstable version suffix
proto/pb.yaml -> written
pb.work -> written
pb.lint.yaml -> written
-- status: unmapped
