buf.yaml modules[0] proto -> proto/pb.yaml module: example.com/acme/rule-options/proto
the lint file's rulesets github.com/greatliontech/buf-rules -> rulesets: path github.com/greatliontech/buf-rules version v1.0.0 alias buf (discovered)
buf.yaml.lint.use STANDARD -> enable: buf:STANDARD
buf.yaml.lint.rpc_allow_same_request_response true -> exclude: buf:RPC_REQUEST_RESPONSE_UNIQUE, enable: buf:RPC_REQUEST_RESPONSE_UNIQUE_ALLOW_SAME_EMPTY_REQUESTS_RESPONSES
buf.yaml.lint.rpc_allow_google_protobuf_empty_requests true -> exclude: buf:RPC_REQUEST_RESPONSE_UNIQUE, enable: buf:RPC_REQUEST_RESPONSE_UNIQUE_ALLOW_SAME_EMPTY_REQUESTS_RESPONSES
buf.yaml.lint.rpc_allow_google_protobuf_empty_responses true -> exclude: buf:RPC_REQUEST_RESPONSE_UNIQUE, enable: buf:RPC_REQUEST_RESPONSE_UNIQUE_ALLOW_SAME_EMPTY_REQUESTS_RESPONSES
buf.yaml.lint.rpc_allow_google_protobuf_empty_requests true -> exclude: buf:RPC_REQUEST_STANDARD_NAME, enable: buf:RPC_REQUEST_STANDARD_NAME_ALLOW_EMPTY
buf.yaml.lint.rpc_allow_google_protobuf_empty_responses true -> exclude: buf:RPC_RESPONSE_STANDARD_NAME, enable: buf:RPC_RESPONSE_STANDARD_NAME_ALLOW_EMPTY
buf.yaml.lint.enum_zero_value_suffix _NONE -> exclude: buf:ENUM_ZERO_VALUE_SUFFIX, enable: local:ENUM_ZERO_VALUE_SUFFIX__NONE (a rule over enum-value with cel buf.enumZeroValueSuffix(enumValue, '_NONE') in buf-options.rules.yaml)
buf.yaml.lint.service_suffix Svc -> exclude: buf:SERVICE_SUFFIX, enable: local:SERVICE_SUFFIX_Svc (a rule over service with cel buf.serviceSuffix(service, 'Svc') in buf-options.rules.yaml)
buf.yaml.breaking.use FILE -> enable: buf:FILE
buf.yaml.breaking.ignore_unstable_packages true -> every breaking name enabled, excluded or ignored read as its _STABLE variant, which skips a package with an unstable version suffix
the lint file's rulesets example.com/acme/rule-options/proto -> rulesets: path example.com/acme/rule-options/proto alias local (the workspace module holding proto/buf-options.rules.yaml, the rules the value-bearing options declare)
proto/pb.yaml -> written
pb.work -> written
pb.lint.yaml -> written
proto/buf-options.rules.yaml -> written
proto/acme/v1/greeter.proto -> 2 suppression comments rewritten to pb:ignore, 1 naming the rule standing in for buf's
-- status: mapped
