buf.yaml modules[0] proto -> proto/pb.yaml module: example.com/acme/inputs-second-template/proto
the lint file's rulesets github.com/greatliontech/buf-rules -> rulesets: path github.com/greatliontech/buf-rules version v1.0.0 alias buf (discovered)
buf.yaml.lint.use STANDARD -> enable: buf:STANDARD
buf.yaml.breaking.use FILE -> enable: buf:FILE
buf.gen.yaml plugins[0].remote buf.build/protocolbuffers/go:v1.35.2 -> ref: ghcr.io/greatliontech/pb-plugins/protocolbuffers/go:v1.35.2 (the catalog)
buf.gen.yaml plugins[0].out gen -> out: gen
buf.gen.yaml plugins[0].opt paths=source_relative -> opt: paths=source_relative
buf.gen.yaml inputs[0].paths[0] proto/acme/api -> files: acme/api/**
buf.gen.yaml clean true -> clean: true
buf.gen.es.yaml plugins[0].remote buf.build/bufbuild/es -> ref: ghcr.io/greatliontech/pb-plugins/bufbuild/es:v1.2.0 (the catalog; no version named, the highest tag published)
buf.gen.es.yaml plugins[0].out web/src/gen -> out: web/src/gen
buf.gen.es.yaml plugins[0].opt target=ts -> opt: target=ts
buf.gen.es.yaml inputs[0].paths[0] proto/acme/api -> files: acme/api/**
buf.gen.es.yaml clean !! differs from buf.gen.yaml's: pb empties every entry's output directory or none
buf.gen.web.yaml plugins[0].remote buf.build/bufbuild/es -> ref: ghcr.io/greatliontech/pb-plugins/bufbuild/es:v1.2.0 (the catalog; no version named, the highest tag published)
buf.gen.web.yaml plugins[0].out web/src/gen -> out: web/src/gen
buf.gen.web.yaml plugins[0].opt target=ts -> opt: target=ts
buf.gen.web.yaml inputs[0].paths[0] proto/acme/api -> files: acme/api/**
buf.gen.web.yaml clean !! differs from buf.gen.yaml's: pb empties every entry's output directory or none
proto/pb.yaml -> written
pb.work -> written
pb.lint.yaml -> written
pb.gen.yaml -> written
-- status: unmapped
