buf.yaml modules[0] proto -> proto/pb.yaml module: example.com/acme/include-imports-clean/proto
buf.yaml deps[0] buf.build/googleapis/googleapis -> github.com/googleapis/googleapis@v1.0.0 (the dependency table)
the lint file's rulesets github.com/greatliontech/buf-rules -> rulesets: path github.com/greatliontech/buf-rules version v1.0.0 alias buf (discovered)
buf.yaml.lint.use STANDARD -> enable: buf:STANDARD
buf.yaml.breaking -> enable: buf:FILE (buf's default, no breaking section)
buf.gen.yaml plugins[0].remote buf.build/protocolbuffers/go:v1.35.2 -> ref: ghcr.io/greatliontech/pb-plugins/protocolbuffers/go:v1.35.2 (the catalog)
buf.gen.yaml plugins[0].out gen/go -> out: gen/go
buf.gen.yaml plugins[0].opt paths=source_relative -> opt: paths=source_relative
buf.gen.yaml plugins[0].include_imports true -> include_imports: true
buf.gen.yaml plugins[0].include_wkt !! pb generates for no well-known file: the toolchain's copy is never a target
buf.gen.yaml clean true -> clean: true
proto/pb.yaml -> written
pb.work -> written
pb.lint.yaml -> written
pb.gen.yaml -> written
-- status: unmapped
